// Jest Snapshot v1, https://goo.gl/fbAQLP

exports[`Tests in <CardList /> should render the component correctly 1`] = `
<div
  className="card-list"
>
  <div
    className="card"
  >
    <div
      className="card__content"
    >
      <h3
        className="card__title"
      >
        <span>
          Work
        </span>
        <span
          className="card__icon-ellipsis"
        >
          <span
            className="sr-only"
          >
            See more
          </span>
        </span>
      </h3>
      <div
        className="card__timeframe"
      >
        <h2
          className="card__current"
        >
          5
          hrs
        </h2>
        <p
          className="card__previous"
        >
          Yesterday
           - 
          7
          hrs
        </p>
      </div>
    </div>
  </div>
  <div
    className="card"
  >
    <div
      className="card__content"
    >
      <h3
        className="card__title"
      >
        <span>
          Play
        </span>
        <span
          className="card__icon-ellipsis"
        >
          <span
            className="sr-only"
          >
            See more
          </span>
        </span>
      </h3>
      <div
        className="card__timeframe"
      >
        <h2
          className="card__current"
        >
          1
          hrs
        </h2>
        <p
          className="card__previous"
        >
          Yesterday
           - 
          2
          hrs
        </p>
      </div>
    </div>
  </div>
  <div
    className="card"
  >
    <div
      className="card__content"
    >
      <h3
        className="card__title"
      >
        <span>
          Study
        </span>
        <span
          className="card__icon-ellipsis"
        >
          <span
            className="sr-only"
          >
            See more
          </span>
        </span>
      </h3>
      <div
        className="card__timeframe"
      >
        <h2
          className="card__current"
        >
          0
          hrs
        </h2>
        <p
          className="card__previous"
        >
          Yesterday
           - 
          1
          hrs
        </p>
      </div>
    </div>
  </div>
  <div
    className="card"
  >
    <div
      className="card__content"
    >
      <h3
        className="card__title"
      >
        <span>
          Exercise
        </span>
        <span
          className="card__icon-ellipsis"
        >
          <span
            className="sr-only"
          >
            See more
          </span>
        </span>
      </h3>
      <div
        className="card__timeframe"
      >
        <h2
          className="card__current"
        >
          1
          hrs
        </h2>
        <p
          className="card__previous"
        >
          Yesterday
           - 
          1
          hrs
        </p>
      </div>
    </div>
  </div>
  <div
    className="card"
  >
    <div
      className="card__content"
    >
      <h3
        className="card__title"
      >
        <span>
          Social
        </span>
        <span
          className="card__icon-ellipsis"
        >
          <span
            className="sr-only"
          >
            See more
          </span>
        </span>
      </h3>
      <div
        className="card__timeframe"
      >
        <h2
          className="card__current"
        >
          1
          hrs
        </h2>
        <p
          className="card__previous"
        >
          Yesterday
           - 
          3
          hrs
        </p>
      </div>
    </div>
  </div>
  <div
    className="card"
  >
    <div
      className="card__content"
    >
      <h3
        className="card__title"
      >
        <span>
          Self Care
        </span>
        <span
          className="card__icon-ellipsis"
        >
          <span
            className="sr-only"
          >
            See more
          </span>
        </span>
      </h3>
      <div
        className="card__timeframe"
      >
        <h2
          className="card__current"
        >
          0
          hrs
        </h2>
        <p
          className="card__previous"
        >
          Yesterday
           - 
          1
          hrs
        </p>
      </div>
    </div>
  </div>
</div>
`;
